> library(LSKAT);
> 
> g.snp.hap1 <- "/ycga-ba/home/zw224/f/R/LSKAT/proj/simu/skat-test-1.hap"
> g.snp.pos1 <- "/ycga-ba/home/zw224/f/R/LSKAT/proj/simu/skat-test-1.pos"
> 
> p <- longskat_gene_simulate(g.snp.hap1, g.snp.pos1);
MN.AR1--- -4.56872 4.841364 -0.02652484 0.6668912 1.44 0.8367757 
> 
> r.model <- longskat_est_model( p$phe.y, p$phe.cov, y.time = NULL, g.maxiter=3, debug=T)
  LOOP = 1 / 3  val= 6804.306 par= 0.9634018 -0.1228786 0.8932178 0.8088031 1.261705 0.5412504 0.3743027 
  LOOP = 2 / 3  val= 6803.912 par= 0.6773513 -0.8176837 -0.4181576 -0.7896142 1.261048 0.5414132 0.3738624 
  LOOP = 3 / 3  val= 6803.912 par= 0.6781253 -0.8175267 -0.4183221 -0.7896706 1.260982 0.5414134 0.3739129 
  Final = 4  min.val= 6803.912 par= 0.6781253 -0.8175267 -0.4183221 -0.7896706 1.260982 0.5414134 0.3739129 
> print(r.model);
  LSKAT/Gene Summary
[1] MLE Results:
* SIGMA_A = 0.8175267 
* SIGMA_B = 0.4183221 
* SIGMA_E = 0.7896706 
* RHO = 0.6781253 
* MU = 1.260982 
* Beta(Cov)= 0.5414134 0.3739129 
* Beta(Time)= 
* L(min) = 6803.912 
> 
> r.lskat <- longskat_gene_run(r.model, p$snp);
> print(r.lskat);
  LSKAT/Gene Summary
[1] MLE Results:
* SIGMA_A = 0.8175267 
* SIGMA_B = 0.4183221 
* SIGMA_E = 0.7896706 
* RHO = 0.6781253 
* MU = 1.260982 
* Beta(Cov)= 0.5414134 0.3739129 
* Beta(Time)= 
* L(min) = 6803.912 
[2] LSKAT:
* SNP total =  65 
* Rare SNPs =  22 
* Q value =  15.77852 
* p-value =  4.236719e-07 
> 
> save(p, r.model, r.lskat, file="test-simulate.rdata");
> 
> library(LSKAT);
> load("test-simulate.rdata");
> 
> for(i in 1:NCOL(p$snp))
+ {
+ 	r.lskat <- longskat_snp_run(r.model, p$snp[,i]);
+ 	print(r.lskat);
+ }
  LSKAT/SNP Summary
[1] MLE Results:
* SIGMA_A = 0.8175267 
* SIGMA_B = 0.4183221 
* SIGMA_E = 0.7896706 
* RHO = 0.6781253 
* MU = 1.260982 
* Beta(Cov)= 0.5414134 0.3739129 
* Beta(Time)= 
* L(min) = 6803.912 
[2] Paramaters:
* Rare =  1 
* MAF =  0.01 
* N.miss =  0 
* Q value =  10102.6 
* p-value =  0.0889685 
  LSKAT/SNP Summary
[1] MLE Results:
* SIGMA_A = 0.8175267 
* SIGMA_B = 0.4183221 
* SIGMA_E = 0.7896706 
* RHO = 0.6781253 
* MU = 1.260982 
* Beta(Cov)= 0.5414134 0.3739129 
* Beta(Time)= 
* L(min) = 6803.912 
[2] Paramaters:
* Rare =  0 
* MAF =  0.04375 
* N.miss =  0 
* Q value =  275.2624 
* p-value =  0.08853925 
  LSKAT/SNP Summary
[1] MLE Results:
* SIGMA_A = 0.8175267 
* SIGMA_B = 0.4183221 
* SIGMA_E = 0.7896706 
* RHO = 0.6781253 
* MU = 1.260982 
* Beta(Cov)= 0.5414134 0.3739129 
* Beta(Time)= 
* L(min) = 6803.912 
[2] Paramaters:
* Rare =  0 
* MAF =  0.2925 
* N.miss =  0 
* Q value =  3468.123 
* p-value =  6.784581e-10 
  LSKAT/SNP Summary
[1] MLE Results:
* SIGMA_A = 0.8175267 
* SIGMA_B = 0.4183221 
* SIGMA_E = 0.7896706 
* RHO = 0.6781253 
* MU = 1.260982 
* Beta(Cov)= 0.5414134 0.3739129 
* Beta(Time)= 
* L(min) = 6803.912 
[2] Paramaters:
* Rare =  0 
* MAF =  0.0625 
* N.miss =  0 
* Q value =  478.2324 
* p-value =  0.0221255 
  LSKAT/SNP Summary
[1] MLE Results:
* SIGMA_A = 0.8175267 
* SIGMA_B = 0.4183221 
* SIGMA_E = 0.7896706 
* RHO = 0.6781253 
* MU = 1.260982 
* Beta(Cov)= 0.5414134 0.3739129 
* Beta(Time)= 
* L(min) = 6803.912 
[2] Paramaters:
* Rare =  1 
* MAF =  0.01125 
* N.miss =  0 
* Q value =  1991.063 
* p-value =  0.4624886 
  LSKAT/SNP Summary
[1] MLE Results:
* SIGMA_A = 0.8175267 
* SIGMA_B = 0.4183221 
* SIGMA_E = 0.7896706 
* RHO = 0.6781253 
* MU = 1.260982 
* Beta(Cov)= 0.5414134 0.3739129 
* Beta(Time)= 
* L(min) = 6803.912 
[2] Paramaters:
* Rare =  1 
* MAF =  0.024375 
* N.miss =  0 
* Q value =  32269.67 
* p-value =  0.004994922 
  LSKAT/SNP Summary
[1] MLE Results:
* SIGMA_A = 0.8175267 
* SIGMA_B = 0.4183221 
* SIGMA_E = 0.7896706 
* RHO = 0.6781253 
* MU = 1.260982 
* Beta(Cov)= 0.5414134 0.3739129 
* Beta(Time)= 
* L(min) = 6803.912 
[2] Paramaters:
* Rare =  0 
* MAF =  0.385 
* N.miss =  0 
* Q value =  2410.527 
* p-value =  5.610854e-07 
  LSKAT/SNP Summary
[1] MLE Results:
* SIGMA_A = 0.8175267 
* SIGMA_B = 0.4183221 
* SIGMA_E = 0.7896706 
* RHO = 0.6781253 
* MU = 1.260982 
* Beta(Cov)= 0.5414134 0.3739129 
* Beta(Time)= 
* L(min) = 6803.912 
[2] Paramaters:
* Rare =  0 
* MAF =  0.1075 
* N.miss =  0 
* Q value =  447.4096 
* p-value =  0.03168961 
  LSKAT/SNP Summary
[1] MLE Results:
* SIGMA_A = 0.8175267 
* SIGMA_B = 0.4183221 
* SIGMA_E = 0.7896706 
* RHO = 0.6781253 
* MU = 1.260982 
* Beta(Cov)= 0.5414134 0.3739129 
* Beta(Time)= 
* L(min) = 6803.912 
[2] Paramaters:
* Rare =  0 
* MAF =  0.038125 
* N.miss =  0 
* Q value =  8.067041 
* p-value =  0.7684376 
  LSKAT/SNP Summary
[1] MLE Results:
* SIGMA_A = 0.8175267 
* SIGMA_B = 0.4183221 
* SIGMA_E = 0.7896706 
* RHO = 0.6781253 
* MU = 1.260982 
* Beta(Cov)= 0.5414134 0.3739129 
* Beta(Time)= 
* L(min) = 6803.912 
[2] Paramaters:
* Rare =  0 
* MAF =  0.1075 
* N.miss =  0 
* Q value =  447.4096 
* p-value =  0.03168961 
  LSKAT/SNP Summary
[1] MLE Results:
* SIGMA_A = 0.8175267 
* SIGMA_B = 0.4183221 
* SIGMA_E = 0.7896706 
* RHO = 0.6781253 
* MU = 1.260982 
* Beta(Cov)= 0.5414134 0.3739129 
* Beta(Time)= 
* L(min) = 6803.912 
[2] Paramaters:
* Rare =  0 
* MAF =  0.270625 
* N.miss =  0 
* Q value =  1496.404 
* p-value =  6.8618e-05 
  LSKAT/SNP Summary
[1] MLE Results:
* SIGMA_A = 0.8175267 
* SIGMA_B = 0.4183221 
* SIGMA_E = 0.7896706 
* RHO = 0.6781253 
* MU = 1.260982 
* Beta(Cov)= 0.5414134 0.3739129 
* Beta(Time)= 
* L(min) = 6803.912 
[2] Paramaters:
* Rare =  0 
* MAF =  0.05625 
* N.miss =  0 
* Q value =  156.1234 
* p-value =  0.1936782 
  LSKAT/SNP Summary
[1] MLE Results:
* SIGMA_A = 0.8175267 
* SIGMA_B = 0.4183221 
* SIGMA_E = 0.7896706 
* RHO = 0.6781253 
* MU = 1.260982 
* Beta(Cov)= 0.5414134 0.3739129 
* Beta(Time)= 
* L(min) = 6803.912 
[2] Paramaters:
* Rare =  1 
* MAF =  0.008125 
* N.miss =  0 
* Q value =  1223.398 
* p-value =  0.5311262 
  LSKAT/SNP Summary
[1] MLE Results:
* SIGMA_A = 0.8175267 
* SIGMA_B = 0.4183221 
* SIGMA_E = 0.7896706 
* RHO = 0.6781253 
* MU = 1.260982 
* Beta(Cov)= 0.5414134 0.3739129 
* Beta(Time)= 
* L(min) = 6803.912 
[2] Paramaters:
* Rare =  0 
* MAF =  0.051875 
* N.miss =  0 
* Q value =  153.6501 
* p-value =  0.1934154 
  LSKAT/SNP Summary
[1] MLE Results:
* SIGMA_A = 0.8175267 
* SIGMA_B = 0.4183221 
* SIGMA_E = 0.7896706 
* RHO = 0.6781253 
* MU = 1.260982 
* Beta(Cov)= 0.5414134 0.3739129 
* Beta(Time)= 
* L(min) = 6803.912 
[2] Paramaters:
* Rare =  0 
* MAF =  0.225 
* N.miss =  0 
* Q value =  1290.349 
* p-value =  0.0001889298 
  LSKAT/SNP Summary
[1] MLE Results:
* SIGMA_A = 0.8175267 
* SIGMA_B = 0.4183221 
* SIGMA_E = 0.7896706 
* RHO = 0.6781253 
* MU = 1.260982 
* Beta(Cov)= 0.5414134 0.3739129 
* Beta(Time)= 
* L(min) = 6803.912 
[2] Paramaters:
* Rare =  0 
* MAF =  0.495 
* N.miss =  0 
* Q value =  836.6912 
* p-value =  0.00221421 
  LSKAT/SNP Summary
[1] MLE Results:
* SIGMA_A = 0.8175267 
* SIGMA_B = 0.4183221 
* SIGMA_E = 0.7896706 
* RHO = 0.6781253 
* MU = 1.260982 
* Beta(Cov)= 0.5414134 0.3739129 
* Beta(Time)= 
* L(min) = 6803.912 
[2] Paramaters:
* Rare =  0 
* MAF =  0.3975 
* N.miss =  0 
* Q value =  261.2937 
* p-value =  0.08834112 
  LSKAT/SNP Summary
[1] MLE Results:
* SIGMA_A = 0.8175267 
* SIGMA_B = 0.4183221 
* SIGMA_E = 0.7896706 
* RHO = 0.6781253 
* MU = 1.260982 
* Beta(Cov)= 0.5414134 0.3739129 
* Beta(Time)= 
* L(min) = 6803.912 
[2] Paramaters:
* Rare =  1 
* MAF =  0.015 
* N.miss =  0 
* Q value =  1376.517 
* p-value =  0.5606772 
  LSKAT/SNP Summary
[1] MLE Results:
* SIGMA_A = 0.8175267 
* SIGMA_B = 0.4183221 
* SIGMA_E = 0.7896706 
* RHO = 0.6781253 
* MU = 1.260982 
* Beta(Cov)= 0.5414134 0.3739129 
* Beta(Time)= 
* L(min) = 6803.912 
[2] Paramaters:
* Rare =  0 
* MAF =  0.173125 
* N.miss =  0 
* Q value =  2200.679 
* p-value =  7.983241e-07 
  LSKAT/SNP Summary
[1] MLE Results:
* SIGMA_A = 0.8175267 
* SIGMA_B = 0.4183221 
* SIGMA_E = 0.7896706 
* RHO = 0.6781253 
* MU = 1.260982 
* Beta(Cov)= 0.5414134 0.3739129 
* Beta(Time)= 
* L(min) = 6803.912 
[2] Paramaters:
* Rare =  0 
* MAF =  0.053125 
* N.miss =  0 
* Q value =  111.6688 
* p-value =  0.2731322 
  LSKAT/SNP Summary
[1] MLE Results:
* SIGMA_A = 0.8175267 
* SIGMA_B = 0.4183221 
* SIGMA_E = 0.7896706 
* RHO = 0.6781253 
* MU = 1.260982 
* Beta(Cov)= 0.5414134 0.3739129 
* Beta(Time)= 
* L(min) = 6803.912 
[2] Paramaters:
* Rare =  1 
* MAF =  0.0075 
* N.miss =  0 
* Q value =  2545.665 
* p-value =  0.3546463 
  LSKAT/SNP Summary
[1] MLE Results:
* SIGMA_A = 0.8175267 
* SIGMA_B = 0.4183221 
* SIGMA_E = 0.7896706 
* RHO = 0.6781253 
* MU = 1.260982 
* Beta(Cov)= 0.5414134 0.3739129 
* Beta(Time)= 
* L(min) = 6803.912 
[2] Paramaters:
* Rare =  1 
* MAF =  0.01375 
* N.miss =  0 
* Q value =  233.6992 
* p-value =  0.8083309 
  LSKAT/SNP Summary
[1] MLE Results:
* SIGMA_A = 0.8175267 
* SIGMA_B = 0.4183221 
* SIGMA_E = 0.7896706 
* RHO = 0.6781253 
* MU = 1.260982 
* Beta(Cov)= 0.5414134 0.3739129 
* Beta(Time)= 
* L(min) = 6803.912 
[2] Paramaters:
* Rare =  0 
* MAF =  0.440625 
* N.miss =  0 
* Q value =  1200.981 
* p-value =  0.0002614614 
  LSKAT/SNP Summary
[1] MLE Results:
* SIGMA_A = 0.8175267 
* SIGMA_B = 0.4183221 
* SIGMA_E = 0.7896706 
* RHO = 0.6781253 
* MU = 1.260982 
* Beta(Cov)= 0.5414134 0.3739129 
* Beta(Time)= 
* L(min) = 6803.912 
[2] Paramaters:
* Rare =  1 
* MAF =  0.010625 
* N.miss =  0 
* Q value =  3399.938 
* p-value =  0.3308086 
  LSKAT/SNP Summary
[1] MLE Results:
* SIGMA_A = 0.8175267 
* SIGMA_B = 0.4183221 
* SIGMA_E = 0.7896706 
* RHO = 0.6781253 
* MU = 1.260982 
* Beta(Cov)= 0.5414134 0.3739129 
* Beta(Time)= 
* L(min) = 6803.912 
[2] Paramaters:
* Rare =  0 
* MAF =  0.114375 
* N.miss =  0 
* Q value =  295.7575 
* p-value =  0.08182511 
  LSKAT/SNP Summary
[1] MLE Results:
* SIGMA_A = 0.8175267 
* SIGMA_B = 0.4183221 
* SIGMA_E = 0.7896706 
* RHO = 0.6781253 
* MU = 1.260982 
* Beta(Cov)= 0.5414134 0.3739129 
* Beta(Time)= 
* L(min) = 6803.912 
[2] Paramaters:
* Rare =  1 
* MAF =  0.00625 
* N.miss =  0 
* Q value =  2639.004 
* p-value =  0.3171202 
  LSKAT/SNP Summary
[1] MLE Results:
* SIGMA_A = 0.8175267 
* SIGMA_B = 0.4183221 
* SIGMA_E = 0.7896706 
* RHO = 0.6781253 
* MU = 1.260982 
* Beta(Cov)= 0.5414134 0.3739129 
* Beta(Time)= 
* L(min) = 6803.912 
[2] Paramaters:
* Rare =  0 
* MAF =  0.123125 
* N.miss =  0 
* Q value =  547.5222 
* p-value =  0.01374607 
  LSKAT/SNP Summary
[1] MLE Results:
* SIGMA_A = 0.8175267 
* SIGMA_B = 0.4183221 
* SIGMA_E = 0.7896706 
* RHO = 0.6781253 
* MU = 1.260982 
* Beta(Cov)= 0.5414134 0.3739129 
* Beta(Time)= 
* L(min) = 6803.912 
[2] Paramaters:
* Rare =  0 
* MAF =  0.053125 
* N.miss =  0 
* Q value =  111.6688 
* p-value =  0.2731322 
  LSKAT/SNP Summary
[1] MLE Results:
* SIGMA_A = 0.8175267 
* SIGMA_B = 0.4183221 
* SIGMA_E = 0.7896706 
* RHO = 0.6781253 
* MU = 1.260982 
* Beta(Cov)= 0.5414134 0.3739129 
* Beta(Time)= 
* L(min) = 6803.912 
[2] Paramaters:
* Rare =  0 
* MAF =  0.060625 
* N.miss =  0 
* Q value =  467.0838 
* p-value =  0.02397721 
  LSKAT/SNP Summary
[1] MLE Results:
* SIGMA_A = 0.8175267 
* SIGMA_B = 0.4183221 
* SIGMA_E = 0.7896706 
* RHO = 0.6781253 
* MU = 1.260982 
* Beta(Cov)= 0.5414134 0.3739129 
* Beta(Time)= 
* L(min) = 6803.912 
[2] Paramaters:
* Rare =  0 
* MAF =  0.08625 
* N.miss =  0 
* Q value =  1018.765 
* p-value =  0.0010667 
  LSKAT/SNP Summary
[1] MLE Results:
* SIGMA_A = 0.8175267 
* SIGMA_B = 0.4183221 
* SIGMA_E = 0.7896706 
* RHO = 0.6781253 
* MU = 1.260982 
* Beta(Cov)= 0.5414134 0.3739129 
* Beta(Time)= 
* L(min) = 6803.912 
[2] Paramaters:
* Rare =  0 
* MAF =  0.15 
* N.miss =  0 
* Q value =  1518.716 
* p-value =  5.15796e-05 
  LSKAT/SNP Summary
[1] MLE Results:
* SIGMA_A = 0.8175267 
* SIGMA_B = 0.4183221 
* SIGMA_E = 0.7896706 
* RHO = 0.6781253 
* MU = 1.260982 
* Beta(Cov)= 0.5414134 0.3739129 
* Beta(Time)= 
* L(min) = 6803.912 
[2] Paramaters:
* Rare =  0 
* MAF =  0.345625 
* N.miss =  0 
* Q value =  1974.769 
* p-value =  6.358863e-06 
  LSKAT/SNP Summary
[1] MLE Results:
* SIGMA_A = 0.8175267 
* SIGMA_B = 0.4183221 
* SIGMA_E = 0.7896706 
* RHO = 0.6781253 
* MU = 1.260982 
* Beta(Cov)= 0.5414134 0.3739129 
* Beta(Time)= 
* L(min) = 6803.912 
[2] Paramaters:
* Rare =  0 
* MAF =  0.345625 
* N.miss =  0 
* Q value =  1974.769 
* p-value =  6.358863e-06 
  LSKAT/SNP Summary
[1] MLE Results:
* SIGMA_A = 0.8175267 
* SIGMA_B = 0.4183221 
* SIGMA_E = 0.7896706 
* RHO = 0.6781253 
* MU = 1.260982 
* Beta(Cov)= 0.5414134 0.3739129 
* Beta(Time)= 
* L(min) = 6803.912 
[2] Paramaters:
* Rare =  0 
* MAF =  0.21 
* N.miss =  0 
* Q value =  718.4343 
* p-value =  0.005366191 
  LSKAT/SNP Summary
[1] MLE Results:
* SIGMA_A = 0.8175267 
* SIGMA_B = 0.4183221 
* SIGMA_E = 0.7896706 
* RHO = 0.6781253 
* MU = 1.260982 
* Beta(Cov)= 0.5414134 0.3739129 
* Beta(Time)= 
* L(min) = 6803.912 
[2] Paramaters:
* Rare =  0 
* MAF =  0.21 
* N.miss =  0 
* Q value =  718.4343 
* p-value =  0.005366191 
  LSKAT/SNP Summary
[1] MLE Results:
* SIGMA_A = 0.8175267 
* SIGMA_B = 0.4183221 
* SIGMA_E = 0.7896706 
* RHO = 0.6781253 
* MU = 1.260982 
* Beta(Cov)= 0.5414134 0.3739129 
* Beta(Time)= 
* L(min) = 6803.912 
[2] Paramaters:
* Rare =  1 
* MAF =  0.02125 
* N.miss =  0 
* Q value =  642.1891 
* p-value =  0.6954017 
  LSKAT/SNP Summary
[1] MLE Results:
* SIGMA_A = 0.8175267 
* SIGMA_B = 0.4183221 
* SIGMA_E = 0.7896706 
* RHO = 0.6781253 
* MU = 1.260982 
* Beta(Cov)= 0.5414134 0.3739129 
* Beta(Time)= 
* L(min) = 6803.912 
[2] Paramaters:
* Rare =  0 
* MAF =  0.034375 
* N.miss =  0 
* Q value =  247.0603 
* p-value =  0.098021 
  LSKAT/SNP Summary
[1] MLE Results:
* SIGMA_A = 0.8175267 
* SIGMA_B = 0.4183221 
* SIGMA_E = 0.7896706 
* RHO = 0.6781253 
* MU = 1.260982 
* Beta(Cov)= 0.5414134 0.3739129 
* Beta(Time)= 
* L(min) = 6803.912 
[2] Paramaters:
* Rare =  1 
* MAF =  0.0075 
* N.miss =  0 
* Q value =  2545.665 
* p-value =  0.3546463 
  LSKAT/SNP Summary
[1] MLE Results:
* SIGMA_A = 0.8175267 
* SIGMA_B = 0.4183221 
* SIGMA_E = 0.7896706 
* RHO = 0.6781253 
* MU = 1.260982 
* Beta(Cov)= 0.5414134 0.3739129 
* Beta(Time)= 
* L(min) = 6803.912 
[2] Paramaters:
* Rare =  0 
* MAF =  0.114375 
* N.miss =  0 
* Q value =  295.7575 
* p-value =  0.08182511 
  LSKAT/SNP Summary
[1] MLE Results:
* SIGMA_A = 0.8175267 
* SIGMA_B = 0.4183221 
* SIGMA_E = 0.7896706 
* RHO = 0.6781253 
* MU = 1.260982 
* Beta(Cov)= 0.5414134 0.3739129 
* Beta(Time)= 
* L(min) = 6803.912 
[2] Paramaters:
* Rare =  0 
* MAF =  0.06375 
* N.miss =  0 
* Q value =  206.883 
* p-value =  0.1318854 
  LSKAT/SNP Summary
[1] MLE Results:
* SIGMA_A = 0.8175267 
* SIGMA_B = 0.4183221 
* SIGMA_E = 0.7896706 
* RHO = 0.6781253 
* MU = 1.260982 
* Beta(Cov)= 0.5414134 0.3739129 
* Beta(Time)= 
* L(min) = 6803.912 
[2] Paramaters:
* Rare =  0 
* MAF =  0.05125 
* N.miss =  0 
* Q value =  22.44858 
* p-value =  0.61929 
  LSKAT/SNP Summary
[1] MLE Results:
* SIGMA_A = 0.8175267 
* SIGMA_B = 0.4183221 
* SIGMA_E = 0.7896706 
* RHO = 0.6781253 
* MU = 1.260982 
* Beta(Cov)= 0.5414134 0.3739129 
* Beta(Time)= 
* L(min) = 6803.912 
[2] Paramaters:
* Rare =  0 
* MAF =  0.170625 
* N.miss =  0 
* Q value =  779.4819 
* p-value =  0.003700348 
  LSKAT/SNP Summary
[1] MLE Results:
* SIGMA_A = 0.8175267 
* SIGMA_B = 0.4183221 
* SIGMA_E = 0.7896706 
* RHO = 0.6781253 
* MU = 1.260982 
* Beta(Cov)= 0.5414134 0.3739129 
* Beta(Time)= 
* L(min) = 6803.912 
[2] Paramaters:
* Rare =  0 
* MAF =  0.114375 
* N.miss =  0 
* Q value =  295.7575 
* p-value =  0.08182511 
  LSKAT/SNP Summary
[1] MLE Results:
* SIGMA_A = 0.8175267 
* SIGMA_B = 0.4183221 
* SIGMA_E = 0.7896706 
* RHO = 0.6781253 
* MU = 1.260982 
* Beta(Cov)= 0.5414134 0.3739129 
* Beta(Time)= 
* L(min) = 6803.912 
[2] Paramaters:
* Rare =  1 
* MAF =  0.00875 
* N.miss =  0 
* Q value =  355.6434 
* p-value =  0.7409765 
  LSKAT/SNP Summary
[1] MLE Results:
* SIGMA_A = 0.8175267 
* SIGMA_B = 0.4183221 
* SIGMA_E = 0.7896706 
* RHO = 0.6781253 
* MU = 1.260982 
* Beta(Cov)= 0.5414134 0.3739129 
* Beta(Time)= 
* L(min) = 6803.912 
[2] Paramaters:
* Rare =  1 
* MAF =  0.016875 
* N.miss =  0 
* Q value =  490.6724 
* p-value =  0.7312203 
  LSKAT/SNP Summary
[1] MLE Results:
* SIGMA_A = 0.8175267 
* SIGMA_B = 0.4183221 
* SIGMA_E = 0.7896706 
* RHO = 0.6781253 
* MU = 1.260982 
* Beta(Cov)= 0.5414134 0.3739129 
* Beta(Time)= 
* L(min) = 6803.912 
[2] Paramaters:
* Rare =  1 
* MAF =  0.00625 
* N.miss =  0 
* Q value =  1580.808 
* p-value =  0.4387734 
  LSKAT/SNP Summary
[1] MLE Results:
* SIGMA_A = 0.8175267 
* SIGMA_B = 0.4183221 
* SIGMA_E = 0.7896706 
* RHO = 0.6781253 
* MU = 1.260982 
* Beta(Cov)= 0.5414134 0.3739129 
* Beta(Time)= 
* L(min) = 6803.912 
[2] Paramaters:
* Rare =  0 
* MAF =  0.181875 
* N.miss =  0 
* Q value =  558.0139 
* p-value =  0.01568092 
  LSKAT/SNP Summary
[1] MLE Results:
* SIGMA_A = 0.8175267 
* SIGMA_B = 0.4183221 
* SIGMA_E = 0.7896706 
* RHO = 0.6781253 
* MU = 1.260982 
* Beta(Cov)= 0.5414134 0.3739129 
* Beta(Time)= 
* L(min) = 6803.912 
[2] Paramaters:
* Rare =  1 
* MAF =  0.009375 
* N.miss =  0 
* Q value =  6277.873 
* p-value =  0.1728599 
  LSKAT/SNP Summary
[1] MLE Results:
* SIGMA_A = 0.8175267 
* SIGMA_B = 0.4183221 
* SIGMA_E = 0.7896706 
* RHO = 0.6781253 
* MU = 1.260982 
* Beta(Cov)= 0.5414134 0.3739129 
* Beta(Time)= 
* L(min) = 6803.912 
[2] Paramaters:
* Rare =  0 
* MAF =  0.08625 
* N.miss =  0 
* Q value =  1018.765 
* p-value =  0.0010667 
  LSKAT/SNP Summary
[1] MLE Results:
* SIGMA_A = 0.8175267 
* SIGMA_B = 0.4183221 
* SIGMA_E = 0.7896706 
* RHO = 0.6781253 
* MU = 1.260982 
* Beta(Cov)= 0.5414134 0.3739129 
* Beta(Time)= 
* L(min) = 6803.912 
[2] Paramaters:
* Rare =  0 
* MAF =  0.080625 
* N.miss =  0 
* Q value =  209.2446 
* p-value =  0.1341774 
  LSKAT/SNP Summary
[1] MLE Results:
* SIGMA_A = 0.8175267 
* SIGMA_B = 0.4183221 
* SIGMA_E = 0.7896706 
* RHO = 0.6781253 
* MU = 1.260982 
* Beta(Cov)= 0.5414134 0.3739129 
* Beta(Time)= 
* L(min) = 6803.912 
[2] Paramaters:
* Rare =  1 
* MAF =  0.0225 
* N.miss =  0 
* Q value =  31458.94 
* p-value =  0.005964736 
  LSKAT/SNP Summary
[1] MLE Results:
* SIGMA_A = 0.8175267 
* SIGMA_B = 0.4183221 
* SIGMA_E = 0.7896706 
* RHO = 0.6781253 
* MU = 1.260982 
* Beta(Cov)= 0.5414134 0.3739129 
* Beta(Time)= 
* L(min) = 6803.912 
[2] Paramaters:
* Rare =  0 
* MAF =  0.08625 
* N.miss =  0 
* Q value =  1018.765 
* p-value =  0.0010667 
  LSKAT/SNP Summary
[1] MLE Results:
* SIGMA_A = 0.8175267 
* SIGMA_B = 0.4183221 
* SIGMA_E = 0.7896706 
* RHO = 0.6781253 
* MU = 1.260982 
* Beta(Cov)= 0.5414134 0.3739129 
* Beta(Time)= 
* L(min) = 6803.912 
[2] Paramaters:
* Rare =  0 
* MAF =  0.050625 
* N.miss =  0 
* Q value =  64.47479 
* p-value =  0.4062126 
  LSKAT/SNP Summary
[1] MLE Results:
* SIGMA_A = 0.8175267 
* SIGMA_B = 0.4183221 
* SIGMA_E = 0.7896706 
* RHO = 0.6781253 
* MU = 1.260982 
* Beta(Cov)= 0.5414134 0.3739129 
* Beta(Time)= 
* L(min) = 6803.912 
[2] Paramaters:
* Rare =  1 
* MAF =  0.0125 
* N.miss =  0 
* Q value =  8069.809 
* p-value =  0.1474996 
  LSKAT/SNP Summary
[1] MLE Results:
* SIGMA_A = 0.8175267 
* SIGMA_B = 0.4183221 
* SIGMA_E = 0.7896706 
* RHO = 0.6781253 
* MU = 1.260982 
* Beta(Cov)= 0.5414134 0.3739129 
* Beta(Time)= 
* L(min) = 6803.912 
[2] Paramaters:
* Rare =  1 
* MAF =  0.01875 
* N.miss =  0 
* Q value =  1379.785 
* p-value =  0.5665118 
  LSKAT/SNP Summary
[1] MLE Results:
* SIGMA_A = 0.8175267 
* SIGMA_B = 0.4183221 
* SIGMA_E = 0.7896706 
* RHO = 0.6781253 
* MU = 1.260982 
* Beta(Cov)= 0.5414134 0.3739129 
* Beta(Time)= 
* L(min) = 6803.912 
[2] Paramaters:
* Rare =  1 
* MAF =  0.006875 
* N.miss =  0 
* Q value =  3755.944 
* p-value =  0.2476935 
  LSKAT/SNP Summary
[1] MLE Results:
* SIGMA_A = 0.8175267 
* SIGMA_B = 0.4183221 
* SIGMA_E = 0.7896706 
* RHO = 0.6781253 
* MU = 1.260982 
* Beta(Cov)= 0.5414134 0.3739129 
* Beta(Time)= 
* L(min) = 6803.912 
[2] Paramaters:
* Rare =  1 
* MAF =  0.011875 
* N.miss =  0 
* Q value =  223.4989 
* p-value =  0.8076759 
  LSKAT/SNP Summary
[1] MLE Results:
* SIGMA_A = 0.8175267 
* SIGMA_B = 0.4183221 
* SIGMA_E = 0.7896706 
* RHO = 0.6781253 
* MU = 1.260982 
* Beta(Cov)= 0.5414134 0.3739129 
* Beta(Time)= 
* L(min) = 6803.912 
[2] Paramaters:
* Rare =  1 
* MAF =  0.006875 
* N.miss =  0 
* Q value =  442.3465 
* p-value =  0.6915846 
  LSKAT/SNP Summary
[1] MLE Results:
* SIGMA_A = 0.8175267 
* SIGMA_B = 0.4183221 
* SIGMA_E = 0.7896706 
* RHO = 0.6781253 
* MU = 1.260982 
* Beta(Cov)= 0.5414134 0.3739129 
* Beta(Time)= 
* L(min) = 6803.912 
[2] Paramaters:
* Rare =  1 
* MAF =  0.015 
* N.miss =  0 
* Q value =  14539.66 
* p-value =  0.06957965 
  LSKAT/SNP Summary
[1] MLE Results:
* SIGMA_A = 0.8175267 
* SIGMA_B = 0.4183221 
* SIGMA_E = 0.7896706 
* RHO = 0.6781253 
* MU = 1.260982 
* Beta(Cov)= 0.5414134 0.3739129 
* Beta(Time)= 
* L(min) = 6803.912 
[2] Paramaters:
* Rare =  0 
* MAF =  0.07875 
* N.miss =  0 
* Q value =  107.7468 
* p-value =  0.2955726 
  LSKAT/SNP Summary
[1] MLE Results:
* SIGMA_A = 0.8175267 
* SIGMA_B = 0.4183221 
* SIGMA_E = 0.7896706 
* RHO = 0.6781253 
* MU = 1.260982 
* Beta(Cov)= 0.5414134 0.3739129 
* Beta(Time)= 
* L(min) = 6803.912 
[2] Paramaters:
* Rare =  0 
* MAF =  0.08625 
* N.miss =  0 
* Q value =  1018.765 
* p-value =  0.0010667 
  LSKAT/SNP Summary
[1] MLE Results:
* SIGMA_A = 0.8175267 
* SIGMA_B = 0.4183221 
* SIGMA_E = 0.7896706 
* RHO = 0.6781253 
* MU = 1.260982 
* Beta(Cov)= 0.5414134 0.3739129 
* Beta(Time)= 
* L(min) = 6803.912 
[2] Paramaters:
* Rare =  0 
* MAF =  0.4525 
* N.miss =  0 
* Q value =  0.08139248 
* p-value =  0.9756083 
  LSKAT/SNP Summary
[1] MLE Results:
* SIGMA_A = 0.8175267 
* SIGMA_B = 0.4183221 
* SIGMA_E = 0.7896706 
* RHO = 0.6781253 
* MU = 1.260982 
* Beta(Cov)= 0.5414134 0.3739129 
* Beta(Time)= 
* L(min) = 6803.912 
[2] Paramaters:
* Rare =  0 
* MAF =  0.100625 
* N.miss =  0 
* Q value =  11.56731 
* p-value =  0.7231317 
  LSKAT/SNP Summary
[1] MLE Results:
* SIGMA_A = 0.8175267 
* SIGMA_B = 0.4183221 
* SIGMA_E = 0.7896706 
* RHO = 0.6781253 
* MU = 1.260982 
* Beta(Cov)= 0.5414134 0.3739129 
* Beta(Time)= 
* L(min) = 6803.912 
[2] Paramaters:
* Rare =  0 
* MAF =  0.25 
* N.miss =  0 
* Q value =  21.12572 
* p-value =  0.6277326 
  LSKAT/SNP Summary
[1] MLE Results:
* SIGMA_A = 0.8175267 
* SIGMA_B = 0.4183221 
* SIGMA_E = 0.7896706 
* RHO = 0.6781253 
* MU = 1.260982 
* Beta(Cov)= 0.5414134 0.3739129 
* Beta(Time)= 
* L(min) = 6803.912 
[2] Paramaters:
* Rare =  0 
* MAF =  0.089375 
* N.miss =  0 
* Q value =  1.14979 
* p-value =  0.9114759 
> 
